[38;2;255;165;0;48;2;0;0;0mContext:  [m [1;38;2;255;255;255;48;2;0;0;0mmgmt [RO][m                              [38;2;30;144;255;48;2;0;0;0m<?>[m [38;2;255;255;255;48;2;0;0;0mHelp[m                                                                            [38;2;255;165;0;48;2;0;0;0m _______ ___   _____      [m
[38;2;255;165;0;48;2;0;0;0mCluster:  [m [1;38;2;255;255;255;48;2;0;0;0mmgmt[m                                   [38;2;30;144;255;48;2;0;0;0m<:>[m [38;2;255;255;255;48;2;0;0;0mCommand[m                                                                         [38;2;255;165;0;48;2;0;0;0m|__   __|/ _ \ / ____|    [m
[38;2;255;165;0;48;2;0;0;0mNodes:    [m [1;38;2;255;255;255;48;2;0;0;0m1/3[m                                    [38;2;30;144;255;48;2;0;0;0m</>[m [38;2;255;255;255;48;2;0;0;0mFilter[m                                                                          [38;2;255;165;0;48;2;0;0;0m   | |  | (_) || (___     [m
[38;2;255;165;0;48;2;0;0;0mT9s Rev:  [m [1;38;2;255;255;255;48;2;0;0;0m[m                                       [38;2;30;144;255;48;2;0;0;0m<r>[m [38;2;255;255;255;48;2;0;0;0mRefresh[m                                                                         [38;2;255;165;0;48;2;0;0;0m   | |   \__, | \___ \    [m
[38;2;255;165;0;48;2;0;0;0mTalos Rev:[m [1;38;2;255;255;255;48;2;0;0;0mmixed[m                                                                                                                      [38;2;255;165;0;48;2;0;0;0m   | |     / /  ____) |   [m
[38;2;255;165;0;48;2;0;0;0mHealth:   [m [1;38;2;255;255;255;48;2;0;0;0mDegraded[m                                                                                                                   [38;2;255;165;0;48;2;0;0;0m   |_|    /_/  |_____/    [m
[38;2;255;165;0;48;2;0;0;0mEndpoints:[m [1;38;2;255;255;255;48;2;0;0;0m2[m                                                                                                                          [38;2;255;165;0;48;2;0;0;0m           T9S            [m
[38;2;135;206;250;48;2;0;0;0m┌───────────────────────────────────────────────────────────────────────[m[1;38;2;0;255;255;48;2;0;0;0m events(all)[2] [m[38;2;135;206;250;48;2;0;0;0m───────────────────────────────────────────────────────────────────────┐[m
[38;2;135;206;250;48;2;0;0;0m│[m[38;2;0;255;255;48;2;0;0;0m  NODE           KIND         MESSAGE                                                                                                     OBSERVED            [m[38;2;135;206;250;48;2;0;0;0m│[m
[38;2;135;206;250;48;2;0;0;0m│[m[38;2;0;0;0;48;2;0;255;255m  node-cp-1      Sequence     boot START                                                                                                  2026-08-15T10:00:00Z[m[38;2;135;206;250;48;2;0;0;0m│[m
[38;2;135;206;250;48;2;0;0;0m│[m[38;2;0;255;255;48;2;0;0;0m  node-worker-1  ServiceState etcd: RUNNING — member is healthy                                                                           2026-08-15T10:00:05Z[m[38;2;135;206;250;48;2;0;0;0m│[m
[38;2;135;206;250;48;2;0;0;0m│[m                                                                                                                                                              [38;2;135;206;250;48;2;0;0;0m│[m
[38;2;135;206;250;48;2;0;0;0m│[m                                                                                                                                                              [38;2;135;206;250;48;2;0;0;0m│[m
[38;2;135;206;250;48;2;0;0;0m│[m                                                                                                                                                              [38;2;135;206;250;48;2;0;0;0m│[m
[38;2;135;206;250;48;2;0;0;0m│[m                                                                                                                                                              [38;2;135;206;250;48;2;0;0;0m│[m
[38;2;135;206;250;48;2;0;0;0m│[m                                                                                                                                                              [38;2;135;206;250;48;2;0;0;0m│[m
[38;2;135;206;250;48;2;0;0;0m│[m                                                                                                                                                              [38;2;135;206;250;48;2;0;0;0m│[m
[38;2;135;206;250;48;2;0;0;0m│[m                                                                                                                                                              [38;2;135;206;250;48;2;0;0;0m│[m
[38;2;135;206;250;48;2;0;0;0m│[m                                                                                                                                                              [38;2;135;206;250;48;2;0;0;0m│[m
[38;2;135;206;250;48;2;0;0;0m│[m                                                                                                                                                              [38;2;135;206;250;48;2;0;0;0m│[m
[38;2;135;206;250;48;2;0;0;0m│[m                                                                                                                                                              [38;2;135;206;250;48;2;0;0;0m│[m
[38;2;135;206;250;48;2;0;0;0m│[m                                                                                                                                                              [38;2;135;206;250;48;2;0;0;0m│[m
[38;2;135;206;250;48;2;0;0;0m│[m                                                                                                                                                              [38;2;135;206;250;48;2;0;0;0m│[m
[38;2;135;206;250;48;2;0;0;0m│[m                                                                                                                                                              [38;2;135;206;250;48;2;0;0;0m│[m
[38;2;135;206;250;48;2;0;0;0m│[m                                                                                                                                                              [38;2;135;206;250;48;2;0;0;0m│[m
[38;2;135;206;250;48;2;0;0;0m│[m                                                                                                                                                              [38;2;135;206;250;48;2;0;0;0m│[m
[38;2;135;206;250;48;2;0;0;0m│[m                                                                                                                                                              [38;2;135;206;250;48;2;0;0;0m│[m
[38;2;135;206;250;48;2;0;0;0m│[m                                                                                                                                                              [38;2;135;206;250;48;2;0;0;0m│[m
[38;2;135;206;250;48;2;0;0;0m│[m                                                                                                                                                              [38;2;135;206;250;48;2;0;0;0m│[m
[38;2;135;206;250;48;2;0;0;0m│[m                                                                                                                                                              [38;2;135;206;250;48;2;0;0;0m│[m
[38;2;135;206;250;48;2;0;0;0m│[m                                                                                                                                                              [38;2;135;206;250;48;2;0;0;0m│[m
[38;2;135;206;250;48;2;0;0;0m│[m                                                                                                                                                              [38;2;135;206;250;48;2;0;0;0m│[m
[38;2;135;206;250;48;2;0;0;0m│[m                                                                                                                                                              [38;2;135;206;250;48;2;0;0;0m│[m
[38;2;135;206;250;48;2;0;0;0m│[m                                                                                                                                                              [38;2;135;206;250;48;2;0;0;0m│[m
[38;2;135;206;250;48;2;0;0;0m│[m                                                                                                                                                              [38;2;135;206;250;48;2;0;0;0m│[m
[38;2;135;206;250;48;2;0;0;0m│[m                                                                                                                                                              [38;2;135;206;250;48;2;0;0;0m│[m
[38;2;135;206;250;48;2;0;0;0m│[m                                                                                                                                                              [38;2;135;206;250;48;2;0;0;0m│[m
[38;2;135;206;250;48;2;0;0;0m│[m                                                                                                                                                              [38;2;135;206;250;48;2;0;0;0m│[m
[38;2;135;206;250;48;2;0;0;0m│[m                                                                                                                                                              [38;2;135;206;250;48;2;0;0;0m│[m
[38;2;135;206;250;48;2;0;0;0m│[m                                                                                                                                                              [38;2;135;206;250;48;2;0;0;0m│[m
[38;2;135;206;250;48;2;0;0;0m│[m                                                                                                                                                              [38;2;135;206;250;48;2;0;0;0m│[m
[38;2;135;206;250;48;2;0;0;0m│[m                                                                                                                                                              [38;2;135;206;250;48;2;0;0;0m│[m
[38;2;135;206;250;48;2;0;0;0m│[m                                                                                                                                                              [38;2;135;206;250;48;2;0;0;0m│[m
[38;2;135;206;250;48;2;0;0;0m│[m                                                                                                                                                              [38;2;135;206;250;48;2;0;0;0m│[m
[38;2;135;206;250;48;2;0;0;0m│[m                                                                                                                                                              [38;2;135;206;250;48;2;0;0;0m│[m
[38;2;135;206;250;48;2;0;0;0m│[m                                                                                                                                                              [38;2;135;206;250;48;2;0;0;0m│[m
[38;2;135;206;250;48;2;0;0;0m│[m                                                                                                                                                              [38;2;135;206;250;48;2;0;0;0m│[m
[38;2;135;206;250;48;2;0;0;0m└──────────────────────────────────────────────────────────────────────────────────────────────────────────────────────────────────────────────────────────────┘[m
[38;2;95;158;160;48;2;0;0;0m[m
[1;38;2;0;0;0;48;2;255;165;0m <events> [m
